ot:  1 otadata          OTA data         01 00 0000f000 00002000
I (69) boot:  2 phy_init         RF data          01 01 00011000 00001000
I (76) boot:  3 nvs_key          NVS keys         01 04 00012000 00001000
I (82) boot:  4 ota_0            OTA app          00 10 00020000 00300000
I (89) boot:  5 ota_1            OTA app          00 11 00320000 00300000
I (95) boot:  6 evtqueue         Unknown data     01 81 00620000 00180000
I (102) boot:  7 coredump         Unknown data     01 03 007a0000 00040000
I (109) boot: End of partition table
I (112) esp_image: segment 0: paddr=00020020 vaddr=3c070020 size=21b2ch (138028) map
I (144) esp_image: segment 1: paddr=00041b54 vaddr=3fc96700 size=03840h ( 14400) load
I (147) esp_image: segment 2: paddr=0004539c vaddr=40374000 size=0ac7ch ( 44156) load
I (157) esp_image: segment 3: paddr=00050020 vaddr=42000020 size=69d9ch (433564) map
I (234) esp_image: segment 4: paddr=000b9dc4 vaddr=4037ec7c size=07a3ch ( 31292) load
I (241) esp_image: segment 5: paddr=000c1808 vaddr=600fe000 size=00020h (    32) load
I (249) boot: Loaded app from partition at offset 0x20000
I (249) boot: Disabling RNG early entropy source...
I (259) octal_psram: vendor id    : 0x0d (AP)
I (260) octal_psram: dev id       : 0x02 (generation 3)
I (260) octal_psram: density      : 0x03 (64 Mbit)
I (262) octal_psram: good-die     : 0x01 (Pass)
I (266) octal_psram: Latency      : 0x01 (Fixed)
I (270) octal_psram: VCC          : 0x01 (3V)
I (274) octal_psram: SRF          : 0x01 (Fast Refresh)
I (279) octal_psram: BurstType    : 0x01 (Hybrid Wrap)
I (284) octal_psram: BurstLen     : 0x01 (32 Byte)
I (289) octal_psram: Readlatency  : 0x02 (10 cycles@Fixed)
I (294) octal_psram: DriveStrength: 0x00 (1/1)
I (299) MSPI Timing: PSRAM timing tuning index: 6
I (303) esp_psram: Found 8MB PSRAM device
I (306) esp_psram: Speed: 80MHz
I (309) cpu_start: Multicore app
I (728) esp_psram: SPI SRAM memory test OK
I (739) cpu_start: Pro cpu start user code
I (739) cpu_start: cpu freq: 160000000 Hz
I (739) app_init: Application information:
I (739) app_init: Project name:     diana_firmware
I (743) app_init: App version:      f273ec0
I (747) app_init: Compile time:     Sep  9 2026 18:40:29
I (752) app_init: ELF file SHA256:  88d2f0a67...
I (756) app_init: ESP-IDF:          v5.5-dirty
I (761) efuse_init: Min chip rev:     v0.0
I (764) efuse_init: Max chip rev:     v0.99 
I (768) efuse_init: Chip rev:         v0.2
I (772) heap_init: Initializing. RAM available for dynamic allocation:
I (779) heap_init: At 3FCA03F8 len 00049318 (292 KiB): RAM
I (784) heap_init: At 3FCE9710 len 00005724 (21 KiB): RAM
I (789) heap_init: At 3FCF0000 len 00008000 (32 KiB): DRAM
I (794) heap_init: At 600FE020 len 00001FC8 (7 KiB): RTCRAM
I (800) esp_psram: Adding pool of 8192K of PSRAM memory to heap allocator
I (807) spi_flash: detected chip: generic
I (810) spi_flash: flash io: dio
W (813) spi_flash: Detected size(16384k) larger than the size in the binary image header(8192k). Using the size in the binary image header.
I (825) sleep_gpio: Configure to isolate all GPIO pins in sleep state
I (831) sleep_gpio: Enable automatic switching of GPIO sleep configuration
I (838) esp_core_dump_flash: Init core dump to flash
I (843) esp_core_dump_flash: Found partition 'coredump' @ 7a0000 262144 bytes
I (886) esp_core_dump_flash: Core dump data checksum is correct
I (886) esp_core_dump_flash: Found core dump 32544 bytes in flash @ 0x7a0000
I (888) main_task: Started on CPU0
I (891) esp_psram: Reserving pool of 32K of internal memory for DMA/internal allocations
I (899) main_task: Calling app_main()
I (902) diana: Diana firmware 0.1.0 arrancando
I (1016) diana.evtq: cola recuperada: 0 eventos pendientes de 1536 ranuras
I (1016) diana.hc165: HC165 DO-only inicializado: DATA=38 LOAD=47 CLK=48
I (1026) diana.led: 3 cadenas de 72 LED inicializadas
I (2545) esp_eth.netif.netif_glue: 10:20:ba:4b:b7:07
I (2546) esp_eth.netif.netif_glue: ethernet attached to netif
E (2553) diana: modulo SIN aprovisionar: falta module_id en NVS
W (2553) diana.prov: SIN raiz de aprovisionamiento en NVS: toda credencial sera rechazada (fallo cerrado)
I (2560) diana.prov: estado de aprovisionamiento al arranque: UNPROVISIONED
I (2567) diana: 
I (2568) diana: DIANA HARDWARE BRING-UP
I (2571) diana: board: PROTO_DO_W5500
I (2575) diana: selector:
I (2577) diana:   GPIO15=1
I (2579) diana:   GPIO16=0
I (2582) diana:   mode=SATELITE
I (2585) diana: identify: HIGH
I (2587) diana: HC165 RAW: 0b0000000000000000
I (2592) diana: D1: 0
I (2594) diana: D2: 0
I (2596) diana: D3: 0
I (2598) diana: D4: 0
I (2600) diana: D5: 0
I (2602) diana: D6: 0
I (2604) diana: D7: 0
I (2606) diana: D8: 0
I (2608) diana: D9: 0
I (2610) diana: Ethernet:
I (2612) diana:   W5500 SPI=OK
I (2615) diana:   LINK=DOWN
I (2617) diana:   IP=0.0.0.0
I (2620) diana: LED:
I (2622) diana:   ROW1=NOT_TESTED
I (2625) diana:   ROW2=NOT_TESTED
I (2628) diana:   ROW3=NOT_TESTED
I (2638) diana: LED TEST: D1
I (3346) diana: LED TEST: D2
I (4053) diana: LED TEST: D3
I (4760) diana: LED TEST: D4
I (5467) diana: LED TEST: D5
I (6174) diana: LED TEST: D6
I (6881) diana: LED TEST: D7
I (7588) diana: LED TEST: D8
I (8295) diana: LED TEST: D9
I (9009) diana: LED TEST: fin
I (9009) diana: arranque; causa del reinicio anterior: poweron
W (9020) diana: MQTT deshabilitado hasta aprovisionar module_id
I (9020) diana.eth: driver arrancado
I (9023) diana.task: SENSORES raw=0x0000 bits16=0000000000000000 raw D9..D1=000000000 AH=000000000 AL=111111111 cfg=AH count=0
I (9061) diana.task: SELECTOR GPIO15=1 GPIO16=0 mode=SATELITE
I (11022) diana.eth: enlace arriba
I (12052) esp_netif_handlers: eth ip: 192.168.1.168, mask: 255.255.255.0, gw: 192.168.1.1
I (12053) diana.eth: IP 192.168.1.168
E (12053) esp_netif_sntp: sntp_init_api(61): Tried to configure SNTP server from DHCP, while disabled. Please enable CONFIG_LWIP_DHCP_GET_NTP_SRV
E (12065) esp_netif_sntp: esp_netif_sntp_init(119): Failed initialize SNTP service
W (12073) diana.eth: SNTP no disponible: la caducidad de comandos no se podra verificar (defensa por nonce persistido)
I (14022) diana.ota: no se confirma OTA: imagen en estado 2
I (14022) diana: imagen confirmada: rollback automatico cancelado
I (14024) main_task: Returned from app_main()

