Executing action: flash
Running ninja in directory C:\proyectos\Diana\firmware\esp32\build
Executing "ninja flash"...
[1/5] C:\WINDOWS\system32\cmd.exe /C "cd /D C:\proyectos\Diana\firmware\esp32\build\esp-idf\esptool_py && C:\Espressif\python_env\idf5.5_py3.11_env\Scripts\python.exe C:/Espressif/frameworks/esp-idf-v5.5/components/partition_table/check_sizes.py --offset 0x8000 partition --type app C:/proyectos/Diana/firmware/esp32/build/partition_table/partition-table.bin C:/proyectos/Diana/firmware/esp32/build/diana_firmware.bin"

diana_firmware.bin binary size 0xa1850 bytes. Smallest app partition is 0x300000 bytes. 0x25e7b0 bytes (79%) free.


[2/5] Performing build step for 'bootloader'

[1/1] C:\WINDOWS\system32\cmd.exe /C "cd /D C:\proyectos\Diana\firmware\esp32\build\bootloader\esp-idf\esptool_py && C:\Espressif\python_env\idf5.5_py3.11_env\Scripts\python.exe C:/Espressif/frameworks/esp-idf-v5.5/components/partition_table/check_sizes.py --offset 0x8000 bootloader 0x0 C:/proyectos/Diana/firmware/esp32/build/bootloader/bootloader.bin"


Bootloader binary size 0x52c0 bytes. 0x2d40 bytes (35%) free.



[3/5] No install step for 'bootloader'

[4/5] Completed 'bootloader'

[4/5] C:\WINDOWS\system32\cmd.exe /C "cd /D C:\Espressif\frameworks\esp-idf-v5.5\components\esptool_py && C:\Espressif\tools\cmake\3.30.2\bin\cmake.exe -D IDF_PATH=C:/Espressif/frameworks/esp-idf-v5.5 -D SERIAL_TOOL=C:/Espressif/python_env/idf5.5_py3.11_env/Scripts/python.exe;;C:/Espressif/frameworks/esp-idf-v5.5/components/esptool_py/esptool/esptool.py;--chip;esp32s3 -D SERIAL_TOOL_ARGS=--before=default_reset;--after=hard_reset;write_flash;@flash_args -D WORKING_DIRECTORY=C:/proyectos/Diana/firmware/esp32/build -P C:/Espressif/frameworks/esp-idf-v5.5/components/esptool_py/run_serial_tool.cmake"

esptool.py --chip esp32s3 -p COM6 -b 921600 --before=default_reset --after=hard_reset write_flash --flash_mode dio --flash_freq 80m --flash_size 8MB 0x0 bootloader/bootloader.bin 0x20000 diana_firmware.bin 0x8000 partition_table/partition-table.bin 0xf000 ota_data_initial.bin

esptool.py v4.11.dev1

Serial port COM6

Connecting....

Chip is ESP32-S3 (QFN56) (revision v0.2)

Features: WiFi, BLE, Embedded PSRAM 8MB (AP_3v3)

Crystal is 40MHz

MAC: 10:20:ba:4b:b7:04

Uploading stub...

Running stub...

Stub running...

Changing baud rate to 921600

Changed.

Configuring flash size...

Flash will be erased from 0x00000000 to 0x00005fff...

Flash will be erased from 0x00020000 to 0x000c1fff...

Flash will be erased from 0x00008000 to 0x00008fff...

Flash will be erased from 0x0000f000 to 0x00010fff...

SHA digest in image updated

Compressed 21184 bytes to 13499...

Writing at 0x00000000... (100 %)

Wrote 21184 bytes (13499 compressed) at 0x00000000 in 0.5 seconds (effective 313.3 kbit/s)...

Hash of data verified.

Compressed 661584 bytes to 406533...

Writing at 0x00020000... (4 %)

Writing at 0x0002ce93... (8 %)

Writing at 0x000399b6... (12 %)

Writing at 0x00043c22... (16 %)

Writing at 0x0004a0cd... (20 %)

Writing at 0x0004fa79... (24 %)

Writing at 0x00055858... (28 %)

Writing at 0x0005b25f... (32 %)

Writing at 0x0006062e... (36 %)

Writing at 0x00066491... (40 %)

Writing at 0x0006b867... (44 %)

Writing at 0x0007143c... (48 %)

Writing at 0x00076ae8... (52 %)

Writing at 0x0007bfcc... (56 %)

Writing at 0x000812b5... (60 %)

Writing at 0x000866a6... (64 %)

Writing at 0x0008bcc9... (68 %)

Writing at 0x000912c6... (72 %)

Writing at 0x000961a8... (76 %)

Writing at 0x0009b4d5... (80 %)

Writing at 0x000a0752... (84 %)

Writing at 0x000a5c9d... (88 %)

Writing at 0x000af7f8... (92 %)

Writing at 0x000b6667... (96 %)

Writing at 0x000bc870... (100 %)

Wrote 661584 bytes (406533 compressed) at 0x00020000 in 6.2 seconds (effective 859.1 kbit/s)...

Hash of data verified.

Compressed 3072 bytes to 179...

Writing at 0x00008000... (100 %)

Wrote 3072 bytes (179 compressed) at 0x00008000 in 0.1 seconds (effective 367.9 kbit/s)...

Hash of data verified.

Compressed 8192 bytes to 31...

Writing at 0x0000f000... (100 %)

Wrote 8192 bytes (31 compressed) at 0x0000f000 in 0.1 seconds (effective 561.9 kbit/s)...

Hash of data verified.



Leaving...

Hard resetting via RTS pin...

Done
