I (11725) diana.task: SENSORES raw=0x0008 bits16=0000000000001000 raw D9..D1=000001000 AH=000001000 AL=111110111 cfg=AH count=1
I (11752) diana.task: SENSORES raw=0x0000 bits16=0000000000000000 raw D9..D1=000000000 AH=000000000 AL=111111111 cfg=AH count=0
I (12013) esp_netif_handlers: eth ip: 192.168.1.168, mask: 255.255.255.0, gw: 192.168.1.1
I (12014) diana.eth: IP 192.168.1.168
E (12014) esp_netif_sntp: sntp_init_api(61): Tried to configure SNTP server from DHCP, while disabled. Please enable CONFIG_LWIP_DHCP_GET_NTP_SRV
E (12026) esp_netif_sntp: esp_netif_sntp_init(119): Failed initialize SNTP service
W (12034) diana.eth: SNTP no disponible: la caducidad de comandos no se podra verificar (defensa por nonce persistido)
I (13976) diana.ota: no se confirma OTA: imagen en estado 2
I (13976) diana: imagen confirmada: rollback automatico cancelado
I (13977) main_task: Returned from app_main()
I (19506) diana.task: SENSORES raw=0x0010 bits16=0000000000010000 raw D9..D1=000010000 AH=000010000 AL=111101111 cfg=AH count=1
I (19535) diana.task: SENSORES raw=0x0000 bits16=0000000000000000 raw D9..D1=000000000 AH=000000000 AL=111111111 cfg=AH count=0
I (20542) diana.task: SENSORES raw=0x0010 bits16=0000000000010000 raw D9..D1=000010000 AH=000010000 AL=111101111 cfg=AH count=1
I (20576) diana.task: SENSORES raw=0x0000 bits16=0000000000000000 raw D9..D1=000000000 AH=000000000 AL=111111111 cfg=AH count=0
I (21331) diana.task: SENSORES raw=0x0010 bits16=0000000000010000 raw D9..D1=000010000 AH=000010000 AL=111101111 cfg=AH count=1
I (21359) diana.task: SENSORES raw=0x0000 bits16=0000000000000000 raw D9..D1=000000000 AH=000000000 AL=111111111 cfg=AH count=0
I (22070) diana.task: SENSORES raw=0x0010 bits16=0000000000010000 raw D9..D1=000010000 AH=000010000 AL=111101111 cfg=AH count=1
I (22096) diana.task: SENSORES raw=0x0000 bits16=0000000000000000 raw D9..D1=000000000 AH=000000000 AL=111111111 cfg=AH count=0
I (22747) diana.task: SENSORES raw=0x0010 bits16=0000000000010000 raw D9..D1=000010000 AH=000010000 AL=111101111 cfg=AH count=1
I (22778) diana.task: SENSORES raw=0x0000 bits16=0000000000000000 raw D9..D1=000000000 AH=000000000 AL=111111111 cfg=AH count=0
I (26649) diana.task: SENSORES raw=0x0020 bits16=0000000000100000 raw D9..D1=000100000 AH=000100000 AL=111011111 cfg=AH count=1
I (26683) diana.task: SENSORES raw=0x0000 bits16=0000000000000000 raw D9..D1=000000000 AH=000000000 AL=111111111 cfg=AH count=0
I (27390) diana.task: SENSORES raw=0x0020 bits16=0000000000100000 raw D9..D1=000100000 AH=000100000 AL=111011111 cfg=AH count=1
I (27413) diana.task: SENSORES raw=0x0000 bits16=0000000000000000 raw D9..D1=000000000 AH=000000000 AL=111111111 cfg=AH count=0
I (28094) diana.task: SENSORES raw=0x0020 bits16=0000000000100000 raw D9..D1=000100000 AH=000100000 AL=111011111 cfg=AH count=1
I (28117) diana.task: SENSORES raw=0x0000 bits16=0000000000000000 raw D9..D1=000000000 AH=000000000 AL=111111111 cfg=AH count=0
I (28794) diana.task: SENSORES raw=0x0020 bits16=0000000000100000 raw D9..D1=000100000 AH=000100000 AL=111011111 cfg=AH count=1
I (28817) diana.task: SENSORES raw=0x0000 bits16=0000000000000000 raw D9..D1=000000000 AH=000000000 AL=111111111 cfg=AH count=0
I (29458) diana.task: SENSORES raw=0x0020 bits16=0000000000100000 raw D9..D1=000100000 AH=000100000 AL=111011111 cfg=AH count=1
I (29494) diana.task: SENSORES raw=0x0000 bits16=0000000000000000 raw D9..D1=000000000 AH=000000000 AL=111111111 cfg=AH count=0

lock revision: v1.3
I (32) boot.esp32s3: Boot SPI Speed : 80MHz
I (35) boot.esp32s3: SPI Mode       : DIO
I (39) boot.esp32s3: SPI Flash Size : 8MB
I (43) boot: Enabling RNG early entropy source...
I (47) boot: Partition Table:
I (50) boot: ## Label            Usage          Type ST Offset   Length
I (56) boot:  0 nvs              WiFi data        01 02 00009000 00006000
I (63) boot:  1 otadata          OTA data         01 00 0000f000 00002000
I (69) boot:  2 phy_init         RF data          01 01 00011000 00001000
I (76) boot:  3 nvs_key          NVS keys         01 04 00012000 00001000
I (82) boot:  4 ota_0            OTA app          00 10 00020000 00300000
I (89) boot:  5 ota_1            OTA app          00 11 00320000 00300000
I (95) boot:  6 evtqueue         Unknown data     01 81 00620000 00180000
I (102) boot:  7 coredump         Unknown data     01 03 007a0000 00040000
I (109) boot: End of partition table
I (112) esp_image: segment 0: paddr=00020020 vaddr=3c070020 size=21b2ch (138028) map
I (144) esp_image: segment 1: paddr=00041b54 vaddr=3fc96700 size=03840h ( 14400) load
I (147) esp_image: segment 2: paddr=0004539c vaddr=40374000 size=0ac7ch ( 44156) load
I (157) esp_image: segment 3: paddr=00050020 vaddr=42000020 size=69d9ch (433564) map
I (234) esp_image: segment 4: paddr=000b9dc4 vaddr=4037ec7c size=07a3ch ( 31292) load
I (241) esp_image: segment 5: paddr=000c1808 vaddr=600fe000 size=00020h (    32) load
I (249) boot: Loaded app from partition at offset 0x20000
I (249) boot: Disabling RNG early entropy source...
I (259) octal_psram: vendor id    : 0x0d (AP)
I (260) octal_psram: dev id       : 0x02 (generation 3)
I (260) octal_psram: density      : 0x03 (64 Mbit)
I (262) octal_psram: good-die     : 0x01 (Pass)
I (266) octal_psram: Latency      : 0x01 (Fixed)
I (270) octal_psram: VCC          : 0x01 (3V)
I (274) octal_psram: SRF          : 0x01 (Fast Refresh)
I (279) octal_psram: BurstType    : 0x01 (Hybrid Wrap)
I (284) octal_psram: BurstLen     : 0x01 (32 Byte)
I (289) octal_psram: Readlatency  : 0x02 (10 cycles@Fixed)
I (294) octal_psram: DriveStrength: 0x00 (1/1)
I (299) MSPI Timing: PSRAM timing tuning index: 6
I (303) esp_psram: Found 8MB PSRAM device
I (306) esp_psram: Speed: 80MHz
I (309) cpu_start: Multicore app
I (728) esp_psram: SPI SRAM memory test OK
I (739) cpu_start: Pro cpu start user code
I (739) cpu_start: cpu freq: 160000000 Hz
I (739) app_init: Application information:
I (739) app_init: Project name:     diana_firmware
I (743) app_init: App version:      f273ec0
I (747) app_init: Compile time:     Sep  9 2026 18:40:29
I (752) app_init: ELF file SHA256:  88d2f0a67...
I (757) app_init: ESP-IDF:          v5.5-dirty
I (761) efuse_init: Min chip rev:     v0.0
I (764) efuse_init: Max chip rev:     v0.99 
I (768) efuse_init: Chip rev:         v0.2
I (772) heap_init: Initializing. RAM available for dynamic allocation:
I (779) heap_init: At 3FCA03F8 len 00049318 (292 KiB): RAM
I (784) heap_init: At 3FCE9710 len 00005724 (21 KiB): RAM
I (789) heap_init: At 3FCF0000 len 00008000 (32 KiB): DRAM
I (794) heap_init: At 600FE020 len 00001FC8 (7 KiB): RTCRAM
I (800) esp_psram: Adding pool of 8192K of PSRAM memory to heap allocator
I (807) spi_flash: detected chip: generic
I (810) spi_flash: flash io: dio
W (813) spi_flash: Detected size(16384k) larger than the size in the binary image header(8192k). Using the size in the binary image header.
I (825) sleep_gpio: Configure to isolate all GPIO pins in sleep state
I (831) sleep_gpio: Enable automatic switching of GPIO sleep configuration
I (838) esp_core_dump_flash: Init core dump to flash
I (843) esp_core_dump_flash: Found partition 'coredump' @ 7a0000 262144 bytes
I (850) main_task: Started on CPU0
I (853) esp_psram: Reserving pool of 32K of internal memory for DMA/internal allocations
I (861) main_task: Calling app_main()
I (864) diana: Diana firmware 0.1.0 arrancando
I (973) diana.evtq: cola recuperada: 49 eventos pendientes de 1536 ranuras
I (974) diana.hc165: HC165 DO-only inicializado: DATA=38 LOAD=47 CLK=48
I (984) diana.led: 3 cadenas de 72 LED inicializadas
I (2502) esp_eth.netif.netif_glue: 10:20:ba:4b:b7:07
I (2503) esp_eth.netif.netif_glue: ethernet attached to netif
W (2509) diana.prov: SIN raiz de aprovisionamiento en NVS: toda credencial sera rechazada (fallo cerrado)
I (2511) diana.prov: estado de aprovisionamiento al arranque: UNPROVISIONED
I (2518) diana: 
I (2519) diana: DIANA HARDWARE BRING-UP
I (2523) diana: board: PROTO_DO_W5500
I (2526) diana: selector:
I (2528) diana:   GPIO15=1
I (2531) diana:   GPIO16=0
I (2533) diana:   mode=SATELITE
I (2536) diana: identify: HIGH
I (2539) diana: HC165 RAW: 0b0000000000000000
I (2543) diana: D1: 0
I (2545) diana: D2: 0
I (2547) diana: D3: 0
I (2549) diana: D4: 0
I (2551) diana: D5: 0
I (2553) diana: D6: 0
I (2555) diana: D7: 0
I (2557) diana: D8: 0
I (2559) diana: D9: 0
I (2561) diana: Ethernet:
I (2563) diana:   W5500 SPI=OK
I (2566) diana:   LINK=DOWN
I (2569) diana:   IP=0.0.0.0
I (2571) diana: LED:
I (2573) diana:   ROW1=NOT_TESTED
I (2576) diana:   ROW2=NOT_TESTED
I (2579) diana:   ROW3=NOT_TESTED
I (2590) diana: LED TEST: D1
I (3297) diana: LED TEST: D2
I (4004) diana: LED TEST: D3
I (4711) diana: LED TEST: D4
I (5418) diana: LED TEST: D5
I (6125) diana: LED TEST: D6
I (6832) diana: LED TEST: D7
I (7539) diana: LED TEST: D8
I (8246) diana: LED TEST: D9
I (8960) diana: LED TEST: fin
I (8960) diana: arranque; causa del reinicio anterior: poweron
I (8971) diana.eth: driver arrancado
E (8972) diana: CA del broker ausente o invalida: MQTT NO se arranca
E (8972) diana: revisa main/certs/broker_ca.pem (P0-2)
I (8977) diana.task: SENSORES raw=0x0000 bits16=0000000000000000 raw D9..D1=000000000 AH=000000000 AL=111111111 cfg=AH count=0
I (9015) diana.task: SELECTOR GPIO15=1 GPIO16=0 mode=SATELITE
I (10973) diana.eth: enlace arriba

